// Jest Snapshot v1, https://goo.gl/fbAQLP

exports[`wrapping.js 1`] = `
					// this should not be wrapped
					1234567 + 1234567 + 1234567 + 1234567 + 1234567 + 1234567 + 1234567890
					// this should be wrapped when \`keepIndentation\` is enabled
					1234567 + 1234567 + 1234567 + 1234567 + 1234567 + 1234567 + 12345678901
~~~~~~~~~~~~~~~~~~~~~~~~~~~~~~~~~~~~~~~~~~~~~~~~~~~~~~~~~~~~~~~~~~~~~~~~~~~~~~~~
          // this should not be wrapped
          1234567 + 1234567 + 1234567 + 1234567 + 1234567 + 1234567 + 1234567890
          // this should be wrapped when \`keepIndentation\` is enabled
          1234567 +
            1234567 +
            1234567 +
            1234567 +
            1234567 +
            1234567 +
            12345678901

`;

exports[`wrapping.js 2`] = `
					// this should not be wrapped
					1234567 + 1234567 + 1234567 + 1234567 + 1234567 + 1234567 + 1234567890
					// this should be wrapped when \`keepIndentation\` is enabled
					1234567 + 1234567 + 1234567 + 1234567 + 1234567 + 1234567 + 12345678901
~~~~~~~~~~~~~~~~~~~~~~~~~~~~~~~~~~~~~~~~~~~~~~~~~~~~~~~~~~~~~~~~~~~~~~~~~~~~~~~~
					// this should not be wrapped
					1234567 + 1234567 + 1234567 + 1234567 + 1234567 + 1234567 + 1234567890
					// this should be wrapped when \`keepIndentation\` is enabled
					1234567 +
						1234567 +
						1234567 +
						1234567 +
						1234567 +
						1234567 +
						12345678901

`;
